
*** Running vivado
    with args -log lab2_counter.vds -m64 -product Vivado -mode batch -messageDb vivado.pb -notrace -source lab2_counter.tcl


INFO: [Common 17-3922] A valid Vivado Design Suite BASIC license has been detected. Your current license is active and will expire on 13-sep-2027.
#-----------------------------------------------------------
# Vivado v2026.1 (64-bit)
# SW Build 6511674 on Tue Jun 16 11:02:23 MDT 2026
# IP Build 6504888 on Tue Jun 09 09:05:25 MDT 2026
# SharedData Build 6501428 on Mon Jun 08 17:34:18 MDT 2026
# Start of session at: Mon Sep 21 13:36:25 2026
# Process ID         : 27748
# Current directory  : C:/Users/djawl/lab2_01_counter/vivado/counter.runs/synth_1
# Command line       : vivado.exe -log lab2_counter.vds -product Vivado -mode batch -messageDb vivado.pb -notrace -source lab2_counter.tcl
# Log file           : C:/Users/djawl/lab2_01_counter/vivado/counter.runs/synth_1/lab2_counter.vds
# Journal file       : C:/Users/djawl/lab2_01_counter/vivado/counter.runs/synth_1\vivado.jou
# Running On         : SangHyeok
# Platform           : Windows 11
# Operating System   : 26200
# Processor Detail   : Intel(R) Core(TM) 3 100U
# CPU Frequency      : 2496 MHz
# CPU Physical cores : 6
# CPU Logical cores  : 8
# Host memory        : 8258 MB
# Swap memory        : 21103 MB
# Total Virtual      : 29361 MB
# Available Virtual  : 11647 MB
#-----------------------------------------------------------

****** Vivado v2026.1 (64-bit)
  **** SW Build 6511674 on Tue Jun 16 11:02:23 MDT 2026
  **** IP Build 6504888 on Tue Jun 09 09:05:25 MDT 2026
  **** SharedData Build 6501428 on Mon Jun 08 17:34:18 MDT 2026
  **** Start of session at: Mon Sep 21 13:36:25 2026
    ** Copyright 1986-2022 Xilinx, Inc. All Rights Reserved.
    ** Copyright 2022-2026 Advanced Micro Devices, Inc. All Rights Reserved.

source lab2_counter.tcl -notrace
create_project: Time (s): cpu = 00:00:08 ; elapsed = 00:00:06 . Memory (MB): peak = 578.492 ; gain = 267.754
Command: synth_design -top lab2_counter -part xc7s75fgga484-1
Starting synth_design
Attempting to get a license for feature 'Vivado_Synthesis' and/or device 'xc7s75'
INFO: [Common 17-349] Got license for feature 'Vivado_Synthesis' and/or device 'xc7s75'
INFO: [Device 21-403] Loading part xc7s75fgga484-1
INFO: [Designutils 20-5008] Incremental synthesis strategy default
INFO: [Synth 8-7079] Multithreading enabled for synth_design using a maximum of 2 processes.
INFO: [Synth 8-7078] Launching helper process for spawning children vivado processes
INFO: [Synth 8-7075] Helper process launched with PID 21584
---------------------------------------------------------------------------------
Starting RTL Elaboration : Time (s): cpu = 00:00:04 ; elapsed = 00:00:06 . Memory (MB): peak = 1329.695 ; gain = 577.219
---------------------------------------------------------------------------------
INFO: [Synth 8-6157] synthesizing module 'lab2_counter' [C:/Users/djawl/lab2_01_counter/src/lab2_counter.v:4]
INFO: [Synth 8-6157] synthesizing module 'input_frontend' [C:/Users/djawl/lab2_01_counter/src/input_frontend.v:4]
	Parameter STABLE_CYCLES bound to: 20 - type: integer 
INFO: [Synth 8-6155] done synthesizing module 'input_frontend' (0#1) [C:/Users/djawl/lab2_01_counter/src/input_frontend.v:4]
INFO: [Synth 8-6157] synthesizing module 'counter4' [C:/Users/djawl/lab2_01_counter/src/counter4.v:2]
INFO: [Synth 8-6155] done synthesizing module 'counter4' (0#1) [C:/Users/djawl/lab2_01_counter/src/counter4.v:2]
INFO: [Synth 8-6155] done synthesizing module 'lab2_counter' (0#1) [C:/Users/djawl/lab2_01_counter/src/lab2_counter.v:4]
WARNING: [Synth 8-3917] design lab2_counter has port led[7] driven by constant 0
WARNING: [Synth 8-3917] design lab2_counter has port led[6] driven by constant 0
WARNING: [Synth 8-3917] design lab2_counter has port led[5] driven by constant 0
WARNING: [Synth 8-3917] design lab2_counter has port led[4] driven by constant 0
---------------------------------------------------------------------------------
Finished RTL Elaboration : Time (s): cpu = 00:00:06 ; elapsed = 00:00:08 . Memory (MB): peak = 1449.461 ; gain = 696.984
---------------------------------------------------------------------------------
---------------------------------------------------------------------------------
Start Handling Custom Attributes
---------------------------------------------------------------------------------
---------------------------------------------------------------------------------
Finished Handling Custom Attributes : Time (s): cpu = 00:00:06 ; elapsed = 00:00:08 . Memory (MB): peak = 1449.461 ; gain = 696.984
---------------------------------------------------------------------------------
---------------------------------------------------------------------------------
Finished RTL Optimization Phase 1 : Time (s): cpu = 00:00:06 ; elapsed = 00:00:08 . Memory (MB): peak = 1449.461 ; gain = 696.984
---------------------------------------------------------------------------------
Netlist sorting complete. Time (s): cpu = 00:00:00 ; elapsed = 00:00:00.003 . Memory (MB): peak = 1449.461 ; gain = 0.000
INFO: [Project 1-570] Preparing netlist for logic optimization

Processing XDC Constraints
Initializing timing engine
Parsing XDC File [C:/Users/djawl/lab2_01_counter/constraints/lab2_counter.xdc]
Finished Parsing XDC File [C:/Users/djawl/lab2_01_counter/constraints/lab2_counter.xdc]
INFO: [Project 1-236] Implementation specific constraints were found while reading constraint file [C:/Users/djawl/lab2_01_counter/constraints/lab2_counter.xdc]. These constraints will be ignored for synthesis but will be used in implementation. Impacted constraints are listed in the file [.Xil/lab2_counter_propImpl.xdc].
Resolution: To avoid this warning, move constraints listed in [.Xil/lab2_counter_propImpl.xdc] to another XDC file and exclude this new file from synthesis with the used_in_synthesis property (File Properties dialog in GUI) and re-run elaboration/synthesis.
Completed Processing XDC Constraints

Netlist sorting complete. Time (s): cpu = 00:00:00 ; elapsed = 00:00:00 . Memory (MB): peak = 1511.523 ; gain = 0.000
INFO: [Project 1-111] Unisim Transformation Summary:
No Unisim elements were transformed.

Constraint Validation Runtime : Time (s): cpu = 00:00:00 ; elapsed = 00:00:00.006 . Memory (MB): peak = 1512.047 ; gain = 0.000
---------------------------------------------------------------------------------
Finished Constraint Validation : Time (s): cpu = 00:00:13 ; elapsed = 00:00:15 . Memory (MB): peak = 1512.047 ; gain = 759.570
---------------------------------------------------------------------------------
---------------------------------------------------------------------------------
Start Loading Part and Timing Information
---------------------------------------------------------------------------------
Loading part: xc7s75fgga484-1
---------------------------------------------------------------------------------
Finished Loading Part and Timing Information : Time (s): cpu = 00:00:13 ; elapsed = 00:00:16 . Memory (MB): peak = 1512.047 ; gain = 759.570
---------------------------------------------------------------------------------
---------------------------------------------------------------------------------
Start Applying 'set_property' XDC Constraints
---------------------------------------------------------------------------------
---------------------------------------------------------------------------------
Finished applying 'set_property' XDC Constraints : Time (s): cpu = 00:00:13 ; elapsed = 00:00:16 . Memory (MB): peak = 1512.047 ; gain = 759.570
---------------------------------------------------------------------------------
---------------------------------------------------------------------------------
Finished RTL Optimization Phase 2 : Time (s): cpu = 00:00:13 ; elapsed = 00:00:16 . Memory (MB): peak = 1512.047 ; gain = 759.570
---------------------------------------------------------------------------------
---------------------------------------------------------------------------------
Start RTL Component Statistics 
---------------------------------------------------------------------------------
Detailed RTL Component Info : 
+---Adders : 
	   2 Input    5 Bit       Adders := 1     
	   2 Input    4 Bit       Adders := 1     
+---Registers : 
	                8 Bit    Registers := 2     
	                5 Bit    Registers := 1     
	                4 Bit    Registers := 1     
	                2 Bit    Registers := 1     
	                1 Bit    Registers := 4     
+---Muxes : 
	   2 Input    5 Bit        Muxes := 2     
	   2 Input    1 Bit        Muxes := 2     
---------------------------------------------------------------------------------
Finished RTL Component Statistics 
---------------------------------------------------------------------------------
---------------------------------------------------------------------------------
Start Part Resource Summary
---------------------------------------------------------------------------------
Part Resources:
DSPs: 140 (col length:80)
BRAMs: 180 (col length: RAMB18 80 RAMB36 40)
---------------------------------------------------------------------------------
Finished Part Resource Summary
---------------------------------------------------------------------------------
---------------------------------------------------------------------------------
Start Cross Boundary and Area Optimization
---------------------------------------------------------------------------------
WARNING: [Synth 8-3917] design lab2_counter has port led[7] driven by constant 0
WARNING: [Synth 8-3917] design lab2_counter has port led[6] driven by constant 0
WARNING: [Synth 8-3917] design lab2_counter has port led[5] driven by constant 0
WARNING: [Synth 8-3917] design lab2_counter has port led[4] driven by constant 0
---------------------------------------------------------------------------------
Finished Cross Boundary and Area Optimization : Time (s): cpu = 00:00:15 ; elapsed = 00:00:18 . Memory (MB): peak = 1539.602 ; gain = 787.125
---------------------------------------------------------------------------------
---------------------------------------------------------------------------------
Start Applying XDC Timing Constraints
---------------------------------------------------------------------------------
WARNING: [Synth 8-681] value '1000000000.0ps' out of range, cropping to '214748368.0ps' [C:/Users/djawl/lab2_01_counter/constraints/lab2_counter.xdc:41]
WARNING: [Synth 8-681] value '500000000.0ps' out of range, cropping to '214748368.0ps' [C:/Users/djawl/lab2_01_counter/constraints/lab2_counter.xdc:41]
WARNING: [Synth 8-681] value '1000000000.0ps' out of range, cropping to '214748368.0ps' [C:/Users/djawl/lab2_01_counter/constraints/lab2_counter.xdc:41]
WARNING: [Synth 8-681] value '500000000.0ps' out of range, cropping to '214748368.0ps' [C:/Users/djawl/lab2_01_counter/constraints/lab2_counter.xdc:41]
---------------------------------------------------------------------------------
Finished Applying XDC Timing Constraints : Time (s): cpu = 00:00:19 ; elapsed = 00:00:23 . Memory (MB): peak = 1678.562 ; gain = 926.086
---------------------------------------------------------------------------------
---------------------------------------------------------------------------------
Start Timing Optimization
---------------------------------------------------------------------------------
---------------------------------------------------------------------------------
Finished Timing Optimization : Time (s): cpu = 00:00:19 ; elapsed = 00:00:23 . Memory (MB): peak = 1678.691 ; gain = 926.215
---------------------------------------------------------------------------------
---------------------------------------------------------------------------------
Start Technology Mapping
---------------------------------------------------------------------------------
---------------------------------------------------------------------------------
Finished Technology Mapping : Time (s): cpu = 00:00:19 ; elapsed = 00:00:23 . Memory (MB): peak = 1688.281 ; gain = 935.805
---------------------------------------------------------------------------------
---------------------------------------------------------------------------------
Start IO Insertion
---------------------------------------------------------------------------------
---------------------------------------------------------------------------------
Start Flattening Before IO Insertion
---------------------------------------------------------------------------------
---------------------------------------------------------------------------------
Finished Flattening Before IO Insertion
---------------------------------------------------------------------------------
---------------------------------------------------------------------------------
Start Final Netlist Cleanup
---------------------------------------------------------------------------------
---------------------------------------------------------------------------------
Finished Final Netlist Cleanup
---------------------------------------------------------------------------------
---------------------------------------------------------------------------------
Finished IO Insertion : Time (s): cpu = 00:00:24 ; elapsed = 00:00:27 . Memory (MB): peak = 1963.652 ; gain = 1211.176
---------------------------------------------------------------------------------
---------------------------------------------------------------------------------
Start Renaming Generated Instances
---------------------------------------------------------------------------------
---------------------------------------------------------------------------------
Finished Renaming Generated Instances : Time (s): cpu = 00:00:24 ; elapsed = 00:00:27 . Memory (MB): peak = 1963.652 ; gain = 1211.176
---------------------------------------------------------------------------------
---------------------------------------------------------------------------------
Start Rebuilding User Hierarchy
---------------------------------------------------------------------------------
---------------------------------------------------------------------------------
Finished Rebuilding User Hierarchy : Time (s): cpu = 00:00:24 ; elapsed = 00:00:27 . Memory (MB): peak = 1963.652 ; gain = 1211.176
---------------------------------------------------------------------------------
---------------------------------------------------------------------------------
Start Renaming Generated Ports
---------------------------------------------------------------------------------
---------------------------------------------------------------------------------
Finished Renaming Generated Ports : Time (s): cpu = 00:00:24 ; elapsed = 00:00:27 . Memory (MB): peak = 1963.652 ; gain = 1211.176
---------------------------------------------------------------------------------
---------------------------------------------------------------------------------
Start Handling Custom Attributes
---------------------------------------------------------------------------------
---------------------------------------------------------------------------------
Finished Handling Custom Attributes : Time (s): cpu = 00:00:24 ; elapsed = 00:00:27 . Memory (MB): peak = 1963.652 ; gain = 1211.176
---------------------------------------------------------------------------------
---------------------------------------------------------------------------------
Start Renaming Generated Nets
---------------------------------------------------------------------------------
---------------------------------------------------------------------------------
Finished Renaming Generated Nets : Time (s): cpu = 00:00:24 ; elapsed = 00:00:27 . Memory (MB): peak = 1963.652 ; gain = 1211.176
---------------------------------------------------------------------------------
---------------------------------------------------------------------------------
Start Writing Synthesis Report
---------------------------------------------------------------------------------

Report BlackBoxes: 
+-+--------------+----------+
| |BlackBox name |Instances |
+-+--------------+----------+
+-+--------------+----------+

Report Cell Usage: 
+------+-----+------+
|      |Cell |Count |
+------+-----+------+
|1     |BUFG |     1|
|2     |LUT1 |     1|
|3     |LUT2 |     4|
|4     |LUT3 |     2|
|5     |LUT4 |     1|
|6     |LUT5 |     2|
|7     |LUT6 |     4|
|8     |FDCE |    25|
|9     |FDPE |     2|
|10    |FDRE |     4|
|11    |IBUF |    11|
|12    |OBUF |     8|
+------+-----+------+
---------------------------------------------------------------------------------
Finished Writing Synthesis Report : Time (s): cpu = 00:00:24 ; elapsed = 00:00:27 . Memory (MB): peak = 1963.652 ; gain = 1211.176
---------------------------------------------------------------------------------
Synthesis finished with 0 errors, 0 critical warnings and 8 warnings.
Synthesis Optimization Runtime : Time (s): cpu = 00:00:17 ; elapsed = 00:00:25 . Memory (MB): peak = 1963.652 ; gain = 1148.590
Synthesis Optimization Complete : Time (s): cpu = 00:00:24 ; elapsed = 00:00:28 . Memory (MB): peak = 1963.652 ; gain = 1211.176
INFO: [Project 1-571] Translating synthesized netlist
Netlist sorting complete. Time (s): cpu = 00:00:00 ; elapsed = 00:00:00.001 . Memory (MB): peak = 1972.859 ; gain = 0.000
INFO: [Project 1-570] Preparing netlist for logic optimization
INFO: [Opt 31-138] Pushed 0 inverter(s) to 0 load pin(s).
Netlist sorting complete. Time (s): cpu = 00:00:00 ; elapsed = 00:00:00 . Memory (MB): peak = 1976.527 ; gain = 0.000
INFO: [Project 1-111] Unisim Transformation Summary:
No Unisim elements were transformed.

Synth Design complete | Checksum: 57385914
INFO: [Common 17-83] Releasing license: Vivado_Synthesis
20 Infos, 12 Warnings, 0 Critical Warnings and 0 Errors encountered.
synth_design completed successfully
synth_design: Time (s): cpu = 00:00:28 ; elapsed = 00:00:45 . Memory (MB): peak = 1976.535 ; gain = 1398.043
Write ShapeDB Complete: Time (s): cpu = 00:00:00 ; elapsed = 00:00:00.009 . Memory (MB): peak = 1976.535 ; gain = 0.000
INFO: [Common 17-1381] The checkpoint 'C:/Users/djawl/lab2_01_counter/vivado/counter.runs/synth_1/lab2_counter.dcp' has been generated.
INFO: [Vivado 12-24828] Executing command : report_utilization -file lab2_counter_utilization_synth.rpt -pb lab2_counter_utilization_synth.pb
INFO: [Common 17-206] Exiting Vivado at Mon Sep 21 13:37:21 2026...
